// Jest Snapshot v1, https://goo.gl/fbAQLP

exports[`Mission component renders correctly 1`] = `
<tr
  className="border pl-2 bg-gray-100"
>
  <td
    className="border pl-5 pt-5 align-top"
  >
    Sample Mission
  </td>
  <td
    className="border p-5 text-justify"
  >
    A sample mission description.
  </td>
  <td
    className="border pl-5"
  >
    <span
      className="inline-flex items-center px-2.5 py-0.5 rounded text-xs font-medium bg-gray-500 text-white"
    >
      NOT A MEMBER
    </span>
  </td>
  <td
    aria-hidden="true"
    className="border pl-5"
  >
    <button
      className="text-gray-500 bg-transparent cursor-pointer mt-3 rounded px-[1.2rem] py-2 font-medium outline outline-gray-400"
      onClick={[Function]}
      type="button"
    >
      Join missions
    </button>
  </td>
</tr>
`;
